ninja: Entering directory `build'
[1/677] Linking static target subprojects/glslang/libMachineIndependent.a
[2/677] Linking static target subprojects/glslang/libSPIRV.a
[3/677] Linking static target subprojects/glslang/libGenericCodeGen.a
[4/677] Linking static target subprojects/volk/libvolk.a
[5/677] Linking static target subprojects/nv2a_vsh_cpu/libnv2a_vsh_cpu.a
[6/677] Linking static target data/libpdata.fa
[7/677] Linking static target subprojects/nv2a_vsh_cpu/libnv2a_vsh_disassembler.a
[8/677] Linking static target subprojects/nv2a_vsh_cpu/libnv2a_vsh_emulator.a
[9/677] Linking static target hw/xbox/nv2a/pgraph/thirdparty/liblibgloffscreen.a
[10/677] Linking static target subprojects/xxHash-0.8.3/libxxhash.a
[11/677] Linking static target subprojects/SPIRV-Reflect/libspirv_reflect_static.a
[12/677] Linking static target thirdparty/libvma.a
[13/677] Linking static target subprojects/SDL3-3.4.10/libSDL3_static.a
[14/677] Generating xemu-version-macro.h with a custom command (wrapped by meson to capture output)
[15/677] Compiling Windows resource version.rc
FAILED: [code=1] version.rc_version.o 
/usr/local/mxe/usr/bin/x86_64-w64-mingw32.static-windres -I./ -I/xemu/. -I/xemu/build/. ../version.rc version.rc_version.o --preprocessor-arg=-MD --preprocessor-arg=-MQversion.rc_version.o --preprocessor-arg=-MFversion.rc_version.o.d
/usr/local/mxe/usr/bin/x86_64-w64-mingw32.static-windres: ../version.rc:6: syntax error
[16/677] Linking static target subprojects/glslang/libglslang.a
[17/677] Generating qemu-version.h with a custom command (wrapped by meson to capture output)
ninja: build stopped: subcommand failed.
